// Vitest Snapshot v1, https://vitest.dev/guide/snapshot.html

exports[`falling sand > a vertical column settles into a roughly triangular pile with a natural angle of repose 1`] = `
"................
................
................
................
................
................
................
................
................
................
................
................
................
................
.......ss.......
......ssss......"
`;
