// Vitest Snapshot v1, https://vitest.dev/guide/snapshot.html

exports[`fire, smoke, and steam > fire spreads across connected wood, each cell burns out to empty, and the smoke it produces fades rather than accumulating 1`] = `
"....................
....................
....................
....................
....................
....................
....................
....................
....................
....................
....................
....................
....................
....................
....................
....................
....................
....................
....................
####################"
`;

exports[`fire, smoke, and steam > water next to fire converts to steam, drifts upward away from the flame, and eventually condenses back into water 1`] = `
"#wmmmmmmm#
#mmmmmmmm#
#mmmmmmmm#
#mmmmmmmm#
#mmmmmmmm#
#mmmmmmmm#
#mmmmmmmm#
#.m.mmm..#
#....m...#
#........#
#....m...#
#........#
#....m...#
#........#
#....m...#
#........#
#....m...#
#........#
#....m...#
#........#
#....m...#
#........#
#....m...#
#........#
#....m...#
#........#
#....m...#
#........#
#....m...#
#........#
#....m...#
#........#
#....m...#
#........#
#....m...#
#........#
#....m...#
#........#
#....f...#
##########"
`;
