// Vitest Snapshot v1, https://vitest.dev/guide/snapshot.html

exports[`particle spawn, integration, and fade/expiry > spawns particles at the click point and they drift deterministically 1`] = `
[
  {
    "age": 0.167,
    "slot": 0,
    "vx": 6.894,
    "vy": 201.744,
    "x": 101.221,
    "y": 117.353,
  },
  {
    "age": 0.167,
    "slot": 1,
    "vx": 24.946,
    "vy": 256.021,
    "x": 104.42,
    "y": 126.97,
  },
  {
    "age": 0.167,
    "slot": 2,
    "vx": 29.962,
    "vy": 257.044,
    "x": 105.309,
    "y": 127.151,
  },
  {
    "age": 0.167,
    "slot": 3,
    "vx": -11.829,
    "vy": 254.952,
    "x": 97.904,
    "y": 126.78,
  },
  {
    "age": 0.167,
    "slot": 4,
    "vx": 12.697,
    "vy": 235.581,
    "x": 102.25,
    "y": 123.348,
  },
]
`;
